// Jest Snapshot v1, https://goo.gl/fbAQLP

exports[`check CoursePage 1`] = `
<h2>
  Courses
</h2>
`;
